// Jest Snapshot v1, https://goo.gl/fbAQLP

exports[`Index page renders correctly 1`] = `
Array [
  <header
    className="my-6"
  >
    <h1
      className="text-3xl text-center font-bold"
    >
      <a
        className="bg-purple text-gray p-2 rounded-sm"
        href="/"
      >
        Starter
      </a>
    </h1>
  </header>,
  <div
    className="mx-auto px-3 sm:w-96"
  >
    <main>
      <h1
        className="text-center text-2xl bg-purple rounded-sm text-yellow p-2"
      >
        Redirecting to the main pageâ€¦
      </h1>
      <svg
        className="w-64 text-purple fill-current"
        viewBox="0 0 24 24"
        xmlns="http://www.w3.org/2000/svg"
      >
        <path
          d="M0 0h24v24H0z"
          fill="none"
        />
        <path
          d="M12 4l-1.41 1.41L16.17 11H4v2h12.17l-5.58 5.59L12 20l8-8z"
        />
      </svg>
    </main>
  </div>,
]
`;
