// Jest Snapshot v1, https://goo.gl/fbAQLP

exports[`Header renders correctly 1`] = `
<header
  className="my-6"
>
  <h1
    className="text-3xl text-center font-bold"
  >
    <a
      className="bg-purple text-gray p-2 rounded-sm"
      href="/"
    >
      Starter
    </a>
  </h1>
</header>
`;
